// Jest Snapshot v1, https://goo.gl/fbAQLP

exports[`The Messenger notifier renders 1`] = `
<Notifications
  dispatch={[Function]}
  notifications={
    Array [
      Object {
        "title": "A Message",
      },
    ]
  }
/>
`;
